// Jest Snapshot v1, https://goo.gl/fbAQLP

exports[`Snippet component should render 1`] = `
<div>
  <iframe
    class="sc-bdnxRM eBaVNh"
    height="256"
    loading="lazy"
    src="https://indiepen.tech/embed/?url=https%3A%2F%2Fexample.com&tab=html"
    title="Title is coooool :)"
    width="100%"
  />
</div>
`;
