// Jest Snapshot v1, https://goo.gl/fbAQLP

exports[`Snippet component should render 1`] = `
<div>
  <iframe
    class="sc-bdvvaa fvMnWP"
    height="256"
    loading="lazy"
    src="data:text/html;charset=utf-8,%3Chtml%3E%3Cbody%3Efoo%3C/body%3E%3C/html%3E"
    title="Title is coooool :)"
  />
</div>
`;
