// Jest Snapshot v1, https://goo.gl/fbAQLP

exports[`BlogPostMetaData component should render a BlogPostMetaData w/ content 1`] = `
<div>
  <span
    class="sc-jRQAMF dSLHev"
    display="block"
    font-family="Source Code Pro"
    font-weight="600"
  >
    <time
      datetime="2020-05-25 15:00:00.000Z"
    >
      May 25, 2020
    </time>
     •
     
    <address
      class="sc-gKckTs bsCFOL"
      display="inline-block"
    >
      Homer Simpson
    </address>
     
    •
     
    <span
      class="sc-gKckTs bsCFOL"
      display="inline-block"
    >
      4min read
    </span>
  </span>
</div>
`;
