// Jest Snapshot v1, https://goo.gl/fbAQLP

exports[`Layout renders a header 1`] = `
<div>
  <div
    class="sc-fzplWN cQimVj"
  >
    <header>
      <h1
        class="sc-fzpans fPlQCI"
      >
        <a
          class="sc-Axmtr eUGlNR"
          href="/"
        >
          <span
            class="sc-AxheI kUxkPg"
          >
            bla
          </span>
        </a>
      </h1>
      <nav>
        <a
          class="sc-fzozJi cbOssv"
          href="/repos"
        >
          <span
            class="sc-AxheI kUxkPg"
          >
            Repos
          </span>
        </a>
        <a
          class="sc-fzozJi cbOssv"
          href="/"
        >
          <span
            class="sc-AxheI kUxkPg"
          >
            Guide
          </span>
        </a>
      </nav>
    </header>
    <main>
      <div
        class="sc-AxjAm QXKVf"
        role="presentation"
      >
        <h1
          class="sc-AxirZ jlHCjU"
        >
          Hallo Typography
        </h1>
        <h2
          class="sc-AxiKw bMUuJZ"
        >
          Hallo Typography
        </h2>
        <h3
          class="sc-AxhCb eOEewp"
        >
          Hallo Typography
        </h3>
        <p
          class="sc-AxhUy cGiiNJ"
        >
          Hallo Typography
        </p>
        <p
          class="sc-AxgMl lmjBng"
        >
          Hallo Typography
        </p>
      </div>
      <main>
        <h1>
          hello
        </h1>
      </main>
    </main>
    <footer>
      <a
        class="sc-fzoLsD etpXIW"
        href="/about"
      >
        <span
          class="sc-AxheI kUxkPg"
        >
          About
        </span>
      </a>
      <a
        class="sc-fzoLsD etpXIW"
        href="#"
      >
        <span
          class="sc-AxheI kUxkPg"
        >
          Imprint
        </span>
      </a>
      <a
        class="sc-Axmtr eUGlNR"
        href="#"
      >
        <span
          class="sc-AxheI kUxkPg"
        >
          hallo
        </span>
      </a>
      <a
        class="sc-AxmLO eHiLRA"
        href="/imprint"
      >
        <span
          class="sc-AxheI kUxkPg"
        >
          hallo
        </span>
      </a>
    </footer>
  </div>
</div>
`;
