// Jest Snapshot v1, https://goo.gl/fbAQLP

exports[`Layout renders a header 1`] = `
<div>
  <div
    class="sc-AxiKw eFnXoy"
  >
    <header>
      <h1
        class="sc-AxirZ gJvjvM"
      >
        <a
          href="/"
        >
          bla
        </a>
      </h1>
      <div
        class="sc-AxjAm cZFuew"
        role="presentation"
      >
        lolikopter
      </div>
      <nav>
        <a
          href="/repos"
        >
          Repos
        </a>
        <a
          href="/guides"
        >
          Guide
        </a>
      </nav>
    </header>
    <main>
      <main>
        <h1>
          hello
        </h1>
      </main>
    </main>
    <footer>
      <a
        href="/about"
      >
        About
      </a>
      <a
        href="/imprint"
      >
        Imprint
      </a>
    </footer>
  </div>
</div>
`;
