// Jest Snapshot v1, https://goo.gl/fbAQLP

exports[`Layout renders a header 1`] = `
<div>
  <div
    class="sc-Axmtr zTZFI"
  >
    <header>
      <h1
        class="sc-AxheI gNpcXR"
      >
        <a
          href="/"
        >
          bla
        </a>
      </h1>
      <h1
        class="sc-AxirZ kDfwhj"
      >
        Hallo Typography
      </h1>
      <h2
        class="sc-AxiKw iWnvAG"
      >
        Hallo Typography
      </h2>
      <h3
        class="sc-AxhCb hJLWjC"
      >
        Hallo Typography
      </h3>
      <p
        class="sc-AxhUy ikaLBS"
      >
        Hallo Typography
      </p>
      <p
        class="sc-AxgMl aQOSp"
      >
        Hallo Typography
      </p>
      <div
        class="sc-AxjAm QXKVf"
        role="presentation"
      >
        lolikopter
      </div>
      <nav>
        <a
          href="/repos"
        >
          Repos
        </a>
        <a
          href="/guides"
        >
          Guide
        </a>
      </nav>
    </header>
    <main>
      <main>
        <h1>
          hello
        </h1>
      </main>
    </main>
    <footer>
      <a
        href="/about"
      >
        About
      </a>
      <a
        href="/imprint"
      >
        Imprint
      </a>
    </footer>
  </div>
</div>
`;
