// Jest Snapshot v1, https://goo.gl/fbAQLP

exports[`Navigation component should render social link for twitter 1`] = `
<div>
  <nav
    class="sc-jrQzUz NhGfT"
    display="flex"
    height="64,80"
    width="100%"
  >
    <a
      aria-label="logo"
      class="sc-gKckTs cbXYIC"
      href="/"
      role="navigation"
    >
      <p
        class="sc-hKwCoD kVRiJn sc-iCfLBT buuvTd"
        font-family="Source Code Pro"
        font-weight="600"
      >
        yetanother.blog
      </p>
    </a>
    <div
      class="sc-iqsfdx csHdKK"
      display="none,flex"
    >
      <a
        class="sc-ksdxAp eizrhv"
      >
        <span
          class="sc-crHlIS gtoVmF"
        >
          Guide
        </span>
      </a>
    </div>
    <button
      aria-label="hamburger menu"
      class="sc-pVTma gSKnEc"
      display="flex,none"
      height="48px"
      width="48px"
    >
      <div
        class="sc-furvIG iMnDab"
      />
    </button>
  </nav>
</div>
`;
