// Jest Snapshot v1, https://goo.gl/fbAQLP

exports[`Navigation component should render social link for twitter 1`] = `
<div>
  <nav
    class="sc-jrAGrp immKCJ"
    display="flex"
    height="64,80"
    width="100%"
  >
    <a
      aria-label="logo"
      class="sc-gKsewC hnomNF"
      href="/"
      role="navigation"
    >
      <p
        class="sc-hKgILt hpXlWY sc-iBPRYJ xKTaP"
        font-family="Source Code Pro"
        font-weight="600"
      >
        yetanother.blog
      </p>
    </a>
    <div
      class="sc-iqHYGH bhISKH"
      display="none,flex"
    >
      <a
        class="sc-kstrdz eWYgSw"
      >
        <span
          class="sc-crrsfI cVYSVb"
        >
          Guide
        </span>
      </a>
    </div>
    <button
      class="sc-pFZIQ isDUPU"
      display="flex,none"
      height="48px"
      width="48px"
    >
      <div
        class="sc-fubCfw gCaHxn"
      />
    </button>
  </nav>
</div>
`;
