// Jest Snapshot v1, https://goo.gl/fbAQLP

exports[`Navigation component should render social link for twitter 1`] = `
<div>
  <nav
    class="sc-fzoLsD gUxsAj"
    display="flex"
    height="64,80"
    width="100%"
  >
    <a
      aria-label="logo"
      class="sc-AxheI ioazkw"
      href="/"
      role="navigation"
    >
      <p
        class="sc-AxhCb cHVtzT sc-Axmtr hJiVbd"
        font-family="Source Code Pro"
        font-weight="600"
      >
        yetanother.blog
      </p>
    </a>
    <div
      class="sc-fzplWN eBQxwW"
      display="none,flex"
    >
      <a
        class="sc-fzokOt bRBsdx"
      >
        <span
          class="sc-fznyAO cmHpzD"
        >
          Repos
        </span>
      </a>
      <a
        class="sc-fzokOt bRBsdx"
      >
        <span
          class="sc-fznyAO cmHpzD"
        >
          Guide
        </span>
      </a>
    </div>
    <button
      class="sc-fzozJi dosPPM"
      display="flex,none"
      height="48px"
      width="48px"
    >
      <div
        class="sc-AxmLO dsHhXh"
      />
    </button>
  </nav>
</div>
`;
