// Jest Snapshot v1, https://goo.gl/fbAQLP

exports[`BlogPostLink component should render a BlogPostLink w/ content 1`] = `
<div>
  <a
    class="sc-kEqXSa TRGNn"
    href="/some-url"
  >
    <h2
      class="sc-gtsrHT kzHeFW"
    >
      some title
    </h2>
    <div>
      Some Content 
    </div>
    <p
      class="sc-hKFxyN guMfUx"
    >
      Some more text...
    </p>
    <span
      class="sc-fujyAs fTFtIY"
    >
      <span
        class="sc-gKAaRy bYNphz"
      >
        read more
      </span>
    </span>
  </a>
</div>
`;
