// Jest Snapshot v1, https://goo.gl/fbAQLP

exports[`BlogPostLink component should render a BlogPostLink w/ content 1`] = `
<div>
  <a
    class="sc-kEjbxe giKzGN"
    href="/some-url"
  >
    <h2
      class="sc-gsTCUz juoqaE"
    >
      some title
    </h2>
    <div>
      Some Content 
    </div>
    <p
      class="sc-hKgILt hZDtFK"
    >
      Some more text...
    </p>
    <span
      class="sc-fubCfw fEBqUd"
    >
      <span
        class="sc-gKsewC zRhZW"
      >
        read more
      </span>
    </span>
  </a>
</div>
`;
