// Jest Snapshot v1, https://goo.gl/fbAQLP

exports[`List component should render correctly w/ list item 1`] = `
<div>
  <ul
    class="sc-bdnxRM kDwIxt"
  >
    <li
      class="sc-bdnxRM cFCle"
    >
      Hello One
    </li>
    <li
      class="sc-bdnxRM cFCle"
    >
      Hello Two
    </li>
    <li
      class="sc-bdnxRM cFCle"
    >
      Hello Hundred
    </li>
  </ul>
</div>
`;
