// Jest Snapshot v1, https://goo.gl/fbAQLP

exports[`Stats component should render 1`] = `
<div>
  <div
    class="sc-bdvvaa hITgeK"
  >
    <div>
      <span
        class="sc-gKckTs cBMlwg"
        color="secondary"
        display="block"
      >
        ~50
        <small>
          %
        </small>
      </span>
      <span
        class="sc-jrQzUz jxTuHj"
        display="block"
      >
        Of all top 1m websites by traffic include Google Analytics
      </span>
      <span
        class="sc-kDThTU cwQFAH"
        display="block"
      >
        (Source: 
        <a
          class="sc-jRQAMF hVqlct"
          href="https://trends.builtwith.com/analytics/Google-Analytics"
          rel="noopener noreferrer nofollow"
          target="_blank"
        >
          <span
            class="sc-gsDJrp leAAmy"
          >
            BuiltWith
          </span>
        </a>
        )
      </span>
    </div>
    <div>
      <span
        class="sc-gKckTs cBMlwg"
        color="secondary"
        display="block"
      >
        ~46
        <small>
          KB
        </small>
      </span>
      <span
        class="sc-jrQzUz jxTuHj"
        display="block"
      >
        Size of the Google Analytics JavaScript Snippet
      </span>
      <span
        class="sc-kDThTU cwQFAH"
        display="block"
      >
        (Source: 
        <a
          class="sc-jRQAMF hVqlct"
          href="https://www.google-analytics.com/analytics.js"
          rel="noopener noreferrer nofollow"
          target="_blank"
        >
          <span
            class="sc-gsDJrp leAAmy"
          >
            Google
          </span>
        </a>
        )
      </span>
    </div>
  </div>
</div>
`;
