// Jest Snapshot v1, https://goo.gl/fbAQLP

exports[`Table Of Contents ui should render toc list w/ items 1`] = `
<div>
  <div>
    <h2
      class="sc-iBPRYJ YSVVB"
    >
      Table Of Contents
    </h2>
    <ul
      class="sc-bdfBwQ cclmkS"
    >
      <li
        class="sc-bdfBwQ ivfIwt"
      >
        <a
          class="sc-eCssSg fJLwcK"
          href="/#some-headline"
          type="inline"
        >
          <span
            class="sc-gsTCUz iPjDLQ"
          >
            some headline
          </span>
        </a>
      </li>
      <li
        class="sc-bdfBwQ ivfIwt"
      >
        <a
          class="sc-eCssSg fJLwcK"
          href="/#some-other-headline"
          type="inline"
        >
          <span
            class="sc-gsTCUz iPjDLQ"
          >
            some other headline
          </span>
        </a>
      </li>
      <li
        class="sc-bdfBwQ ivfIwt"
      >
        <a
          class="sc-eCssSg fJLwcK"
          href="/#more-headlines"
          type="inline"
        >
          <span
            class="sc-gsTCUz iPjDLQ"
          >
            more headlines
          </span>
        </a>
      </li>
    </ul>
  </div>
</div>
`;
