// Jest Snapshot v1, https://goo.gl/fbAQLP

exports[`Teaser component should render a teaser w/ content 1`] = `
<div>
  <div
    class="sc-bdnxRM kBdCFS"
    display="flex"
  >
    <span
      class="sc-iCoGMd csFgFy"
    >
      <svg
        class="sc-pNWdM bONjUQ"
        data-file-name="SvgBrowser"
      />
      <svg
        class="sc-fujyAs drLfeV"
        data-file-name="SvgBackground"
      />
    </span>
    <div
      class="sc-jrsJWt hwlsbJ"
    >
      <h2
        class="sc-gtsrHT dyVbdI"
        font-family="Source Code Pro"
        font-weight="600"
      >
        Hello World
      </h2>
    </div>
  </div>
</div>
`;
